2019-07-21 18:14:28,178 INFO     Starting another experiment
2019-07-21 18:14:39,726 INFO     Starting another experiment
2019-07-21 18:14:58,516 INFO     Starting another experiment
2019-07-21 18:14:58,516 INFO     An error has occured, shutting down laser
2019-07-21 18:14:58,516 ERROR    name 'close_previous_session' is not defined
2019-07-21 18:15:02,905 INFO     Starting another experiment
2019-07-21 18:15:02,906 INFO     An error has occured, shutting down laser
2019-07-21 18:15:02,906 ERROR    name 'close_previous_session' is not defined
2019-07-21 18:15:07,881 INFO     Starting another experiment
2019-07-21 18:15:07,881 INFO     An error has occured, shutting down laser
2019-07-21 18:15:07,881 ERROR    name 'close_previous_session' is not defined
2019-07-21 18:16:01,309 INFO     Starting another experiment
2019-07-21 18:16:07,868 INFO     Starting another experiment
2019-07-21 18:17:34,726 INFO     Starting another experiment
2019-07-21 18:20:22,737 INFO     Starting another experiment
2019-07-21 18:20:47,675 INFO     Starting another experiment
2019-07-21 18:20:56,175 INFO     Starting another experiment
2019-07-21 18:20:58,281 INFO     Starting another experiment
2019-07-21 18:21:05,334 INFO     Starting another experiment
2019-07-21 18:31:19,099 INFO     Starting another experiment
2019-07-21 18:31:28,705 INFO     Starting another experiment
2019-07-21 18:32:06,165 INFO     Starting another experiment
2019-07-21 18:33:40,434 INFO     Starting another experiment
2019-07-21 18:33:50,778 INFO     Starting another experiment
2019-07-21 18:33:58,851 INFO     Starting another experiment
2019-07-21 18:34:02,972 INFO     Starting another experiment
2019-07-21 18:34:34,173 INFO     Starting another experiment
2019-07-21 18:34:40,842 INFO     Starting another experiment
2019-07-21 18:34:51,651 INFO     Starting another experiment
2019-07-21 18:35:39,253 INFO     Starting another experiment
2019-07-21 18:35:45,316 INFO     Starting another experiment
2019-07-21 18:37:36,298 INFO     Starting another experiment
2019-07-21 18:38:51,181 INFO     Starting another experiment
2019-07-21 18:39:05,301 INFO     Starting another experiment
2019-07-21 18:40:22,933 INFO     Starting another experiment
2019-07-21 18:40:30,974 INFO     Starting another experiment
2019-07-21 18:40:37,648 INFO     Starting another experiment
2019-07-21 18:40:43,870 INFO     Starting another experiment
2019-07-21 18:40:52,038 INFO     Starting another experiment
2019-07-21 18:41:24,045 INFO     Starting another experiment
2019-07-21 18:41:29,240 INFO     Starting another experiment
2019-07-21 18:41:35,911 INFO     Starting another experiment
2019-07-21 18:46:19,586 INFO     Starting another experiment
2019-07-21 18:46:33,179 INFO     Starting another experiment
2019-07-21 18:46:42,403 INFO     Starting another experiment
2019-07-21 18:46:42,406 INFO     An unknown error has occured, shutting down laser
2019-07-21 18:46:42,406 ERROR    'builtin_function_or_method' object is not iterable
2019-07-21 18:46:53,286 INFO     Starting another experiment
2019-07-21 18:46:53,287 INFO     An unknown error has occured, shutting down laser
2019-07-21 18:46:53,287 ERROR    'builtin_function_or_method' object is not iterable
2019-07-21 18:47:06,214 INFO     Starting another experiment
2019-07-21 18:47:06,214 INFO     An unknown error has occured, shutting down laser
2019-07-21 18:47:06,214 ERROR    'builtin_function_or_method' object is not iterable
2019-07-21 18:47:18,640 INFO     Starting another experiment
2019-07-21 18:47:24,233 INFO     Starting another experiment
2019-07-21 18:47:30,287 INFO     Starting another experiment
2019-07-21 18:47:35,718 INFO     Starting another experiment
2019-07-21 18:47:59,578 INFO     Starting another experiment
2019-07-21 18:48:02,277 INFO     Starting another experiment
2019-07-21 18:48:02,884 INFO     Starting another experiment
2019-07-21 18:48:03,659 INFO     Starting another experiment
2019-07-21 18:48:04,181 INFO     Starting another experiment
2019-07-21 18:48:04,780 INFO     Starting another experiment
2019-07-21 18:48:05,773 INFO     Starting another experiment
2019-07-21 18:49:18,942 INFO     Starting another experiment
2019-07-21 18:49:23,804 INFO     Starting another experiment
2019-07-21 18:50:02,327 INFO     Starting another experiment
2019-07-21 18:50:09,915 INFO     Starting another experiment
2019-07-21 18:50:22,858 INFO     Starting another experiment
2019-07-21 18:50:22,858 INFO     An unknown error has occured, shutting down laser
2019-07-21 18:50:22,858 ERROR    name 'lasercommands' is not defined
2019-07-21 18:50:27,675 INFO     Starting another experiment
2019-07-21 18:50:27,677 INFO     An unknown error has occured, shutting down laser
2019-07-21 18:50:27,677 ERROR    name 'lasercommands' is not defined
2019-07-21 18:50:31,335 INFO     Starting another experiment
2019-07-21 18:50:31,337 INFO     An unknown error has occured, shutting down laser
2019-07-21 18:50:31,337 ERROR    name 'lasercommands' is not defined
2019-07-21 18:50:37,606 INFO     Starting another experiment
2019-07-21 18:50:37,607 INFO     An unknown error has occured, shutting down laser
2019-07-21 18:50:37,607 ERROR    name 'lasercommands' is not defined
2019-07-21 18:50:41,071 INFO     Starting another experiment
2019-07-21 18:50:41,072 INFO     An unknown error has occured, shutting down laser
2019-07-21 18:50:41,072 ERROR    name 'lasercommands' is not defined
2019-07-21 18:51:18,739 INFO     Starting another experiment
2019-07-21 18:51:18,739 INFO     An unknown error has occured, shutting down laser
2019-07-21 18:51:18,739 ERROR    name 'lasercommands' is not defined
2019-07-21 18:51:25,165 INFO     Starting another experiment
2019-07-21 18:51:25,166 INFO     An unknown error has occured, shutting down laser
2019-07-21 18:51:25,166 ERROR    name 'lasercommands' is not defined
2019-07-21 18:51:40,671 INFO     Starting another experiment
2019-07-21 18:51:40,672 INFO     An unknown error has occured, shutting down laser
2019-07-21 18:51:40,672 ERROR    name 'lasercommands' is not defined
2019-07-21 18:51:57,475 INFO     Starting another experiment
2019-07-21 18:51:57,475 INFO     An unknown error has occured, shutting down laser
2019-07-21 18:51:57,475 ERROR    name 'lasercommands' is not defined
2019-07-21 18:52:06,773 INFO     Starting another experiment
2019-07-21 18:52:06,773 INFO     An unknown error has occured, shutting down laser
2019-07-21 18:52:06,773 ERROR    name 'lasercommands' is not defined
2019-07-21 18:52:09,854 INFO     Starting another experiment
2019-07-21 18:52:09,854 INFO     An unknown error has occured, shutting down laser
2019-07-21 18:52:09,854 ERROR    name 'lasercommands' is not defined
2019-07-21 18:53:53,988 INFO     Starting another experiment
2019-07-21 18:53:53,989 INFO     An unknown error has occured, shutting down laser
2019-07-21 18:53:53,989 ERROR    name 'lasercommands' is not defined
2019-07-21 18:54:06,292 INFO     Starting another experiment
2019-07-21 18:54:06,292 INFO     An unknown error has occured, shutting down laser
2019-07-21 18:54:06,292 ERROR    name 'lasercommands' is not defined
2019-07-21 18:54:48,048 INFO     Starting another experiment
2019-07-21 18:54:48,048 INFO     An unknown error has occured, shutting down laser
2019-07-21 18:54:48,049 ERROR    name 'lasercommands' is not defined
2019-07-21 18:55:01,988 INFO     Starting another experiment
2019-07-21 18:55:01,988 INFO     An unknown error has occured, shutting down laser
2019-07-21 18:55:01,988 ERROR    name 'lasercommands' is not defined
2019-07-21 19:44:58,178 INFO     Starting another experiment
2019-07-21 19:45:06,469 INFO     Starting another experiment
2019-07-21 19:45:09,180 INFO     Starting another experiment
2019-07-21 19:45:14,968 INFO     Starting another experiment
2019-07-21 19:45:20,039 INFO     Starting another experiment
2019-07-21 19:45:21,172 INFO     Starting another experiment
2019-07-21 19:45:29,320 INFO     Starting another experiment
2019-07-21 19:45:29,323 INFO     An unknown error has occured, shutting down laser
2019-07-21 19:45:29,323 ERROR    module 'purephotonicscontrol.shutdown' has no attribute 'close_previous_session'
2019-07-21 19:45:54,348 INFO     Starting another experiment
2019-07-21 19:45:54,349 INFO     An unknown error has occured, shutting down laser
2019-07-21 19:45:54,349 ERROR    module 'purephotonicscontrol.shutdown' has no attribute 'close_previous_session'
2019-07-21 19:46:15,193 INFO     Starting another experiment
2019-07-21 19:46:20,334 INFO     Starting another experiment
2019-07-21 19:46:54,702 INFO     Starting another experiment
2019-07-21 19:47:03,512 INFO     Starting another experiment
2019-07-21 19:47:16,769 INFO     Starting another experiment
2019-07-21 19:47:28,568 INFO     Starting another experiment
2019-07-21 19:47:42,654 INFO     Starting another experiment
2019-07-21 19:47:48,971 INFO     Starting another experiment
2019-07-21 19:47:57,370 INFO     Starting another experiment
2019-07-21 19:48:07,161 INFO     Starting another experiment
2019-07-21 19:48:25,243 INFO     Starting another experiment
2019-07-21 19:48:50,846 INFO     Starting another experiment
2019-07-21 19:48:52,421 INFO     Starting another experiment
2019-07-21 19:49:31,227 INFO     Starting another experiment
2019-07-21 19:49:31,229 INFO     An unknown error has occured, shutting down laser
2019-07-21 19:49:31,229 ERROR    module 'purephotonicscontrol.shutdown' has no attribute 'close_previous_session'
2019-07-21 19:50:07,346 INFO     Starting another experiment
2019-07-21 19:50:51,146 INFO     Starting another experiment
2019-07-21 19:50:52,099 INFO     Starting another experiment
2019-07-21 19:50:52,362 INFO     Starting another experiment
2019-07-21 19:50:52,564 INFO     Starting another experiment
2019-07-21 19:50:52,770 INFO     Starting another experiment
2019-07-21 19:50:52,992 INFO     Starting another experiment
2019-07-21 19:50:53,246 INFO     Starting another experiment
2019-07-21 19:50:53,515 INFO     Starting another experiment
2019-07-21 19:50:53,760 INFO     Starting another experiment
2019-07-21 19:50:53,990 INFO     Starting another experiment
2019-07-21 19:50:54,186 INFO     Starting another experiment
2019-07-21 19:50:54,415 INFO     Starting another experiment
2019-07-21 19:50:54,667 INFO     Starting another experiment
2019-07-21 19:50:54,909 INFO     Starting another experiment
2019-07-21 19:50:55,123 INFO     Starting another experiment
2019-07-21 19:50:55,338 INFO     Starting another experiment
2019-07-21 19:50:55,578 INFO     Starting another experiment
2019-07-21 19:50:55,801 INFO     Starting another experiment
2019-07-21 19:50:56,015 INFO     Starting another experiment
2019-07-21 19:50:56,257 INFO     Starting another experiment
2019-07-21 19:50:56,494 INFO     Starting another experiment
2019-07-21 19:50:56,714 INFO     Starting another experiment
2019-07-21 19:50:56,955 INFO     Starting another experiment
2019-07-21 19:50:57,200 INFO     Starting another experiment
2019-07-21 19:50:57,454 INFO     Starting another experiment
2019-07-21 19:50:57,711 INFO     Starting another experiment
2019-07-21 19:50:57,977 INFO     Starting another experiment
2019-07-21 19:50:58,235 INFO     Starting another experiment
2019-07-21 19:50:58,483 INFO     Starting another experiment
2019-07-21 19:50:58,725 INFO     Starting another experiment
2019-07-21 19:50:58,965 INFO     Starting another experiment
